#-----------------------------------------------------------
# PlanAhead v14.7 (64-bit)
# Build 321239 by xbuild on Fri Sep 27 19:29:51 MDT 2013
# Start of session at: Mon Nov 18 23:28:12 2019
# Process ID: 14200
# Log file: C:/Users/guo/Desktop/computer-composition-lab/CO_Lab2/planAhead_run_1/planAhead.log
# Journal file: C:/Users/guo/Desktop/computer-composition-lab/CO_Lab2/planAhead_run_1/planAhead.jou
#-----------------------------------------------------------
start_gui
source C:/Users/guo/Desktop/computer-composition-lab/CO_Lab2/pa.fromNetlist.tcl
startgroup
set_property package_pin V10 [get_ports clk_out]
endgroup
set_property iostandard LVCMOS33 [get_ports [list clk_out]]
startgroup
set_property package_pin T11 [get_ports equal]
endgroup
set_property is_loc_fixed false [get_ports [list  equal]]
set_property is_loc_fixed true [get_ports [list  equal]]
set_property is_loc_fixed false [get_ports [list  equal]]
set_property iostandard LVCMOS33 [get_ports [list equal]]
set_property iostandard LVCMOS33 [get_ports [list res_zero]]
startgroup
set_property package_pin R11 [get_ports res_zero]
endgroup
set_property is_loc_fixed false [get_ports [list  res_zero]]
set_property is_loc_fixed true [get_ports [list  res_zero]]
set_property is_loc_fixed true [get_ports [list  equal]]
save_constraints
