--------------------------------------------------------------------------------
Release 14.7 Trace  (nt64)
Copyright (c) 1995-2013 Xilinx, Inc.  All rights reserved.

D:\Xilinx\14.7\ISE_DS\ISE\bin\nt64\unwrapped\trce.exe -intstyle ise -v 3 -s 3
-n 3 -fastpaths -xml alu.twx alu.ncd -o alu.twr alu.pcf

Design file:              alu.ncd
Physical constraint file: alu.pcf
Device,package,speed:     xc6slx16,csg324,C,-3 (PRODUCTION 1.23 2013-10-13)
Report level:             verbose report

Environment Variable      Effect 
--------------------      ------ 
NONE                      No environment variables were set
--------------------------------------------------------------------------------

INFO:Timing:2698 - No timing constraints found, doing default enumeration.
INFO:Timing:3412 - To improve timing, see the Timing Closure User Guide (UG612).
INFO:Timing:2752 - To get complete path coverage, use the unconstrained paths 
   option. All paths that are not constrained will be reported in the 
   unconstrained paths section(s) of the report.
INFO:Timing:3339 - The clock-to-out numbers in this timing report are based on 
   a 50 Ohm transmission line loading model.  For the details of this model, 
   and for more information on accounting for different loading conditions, 
   please see the device datasheet.



Data Sheet report:
-----------------
All values displayed in nanoseconds (ns)

Pad to Pad
---------------+---------------+---------+
Source Pad     |Destination Pad|  Delay  |
---------------+---------------+---------+
a<0>           |out<0>         |   13.116|
a<0>           |out<1>         |   12.510|
a<0>           |out<2>         |   12.598|
a<0>           |out<3>         |   12.475|
a<0>           |out<4>         |   12.733|
a<0>           |out<5>         |   12.693|
a<0>           |out<6>         |   12.453|
a<0>           |out<7>         |   12.950|
a<0>           |out<8>         |   12.903|
a<0>           |out<9>         |   13.110|
a<0>           |out<10>        |   12.933|
a<0>           |out<11>        |   12.750|
a<0>           |out<12>        |   12.811|
a<0>           |out<13>        |   13.030|
a<0>           |out<14>        |   13.450|
a<0>           |out<15>        |   12.833|
a<0>           |out<16>        |   12.789|
a<0>           |out<17>        |   13.749|
a<0>           |out<18>        |   13.344|
a<0>           |out<19>        |   13.350|
a<0>           |out<20>        |   13.656|
a<0>           |out<21>        |   13.181|
a<0>           |out<22>        |   14.192|
a<0>           |out<23>        |   13.142|
a<0>           |out<24>        |   13.066|
a<0>           |out<25>        |   13.293|
a<0>           |out<26>        |   14.080|
a<0>           |out<27>        |   13.224|
a<0>           |out<28>        |   14.053|
a<0>           |out<29>        |   14.159|
a<0>           |out<30>        |   14.493|
a<0>           |out<31>        |   14.498|
a<1>           |out<1>         |   12.453|
a<1>           |out<2>         |   12.463|
a<1>           |out<3>         |   12.316|
a<1>           |out<4>         |   12.576|
a<1>           |out<5>         |   12.536|
a<1>           |out<6>         |   12.592|
a<1>           |out<7>         |   12.999|
a<1>           |out<8>         |   12.756|
a<1>           |out<9>         |   12.953|
a<1>           |out<10>        |   12.776|
a<1>           |out<11>        |   12.729|
a<1>           |out<12>        |   13.088|
a<1>           |out<13>        |   12.873|
a<1>           |out<14>        |   13.293|
a<1>           |out<15>        |   12.676|
a<1>           |out<16>        |   12.632|
a<1>           |out<17>        |   13.592|
a<1>           |out<18>        |   13.187|
a<1>           |out<19>        |   13.193|
a<1>           |out<20>        |   13.499|
a<1>           |out<21>        |   13.437|
a<1>           |out<22>        |   14.035|
a<1>           |out<23>        |   12.985|
a<1>           |out<24>        |   13.334|
a<1>           |out<25>        |   13.383|
a<1>           |out<26>        |   13.923|
a<1>           |out<27>        |   13.225|
a<1>           |out<28>        |   13.896|
a<1>           |out<29>        |   14.002|
a<1>           |out<30>        |   14.336|
a<1>           |out<31>        |   14.479|
a<2>           |out<2>         |   12.445|
a<2>           |out<3>         |   12.324|
a<2>           |out<4>         |   12.621|
a<2>           |out<5>         |   12.581|
a<2>           |out<6>         |   12.341|
a<2>           |out<7>         |   12.838|
a<2>           |out<8>         |   12.791|
a<2>           |out<9>         |   12.998|
a<2>           |out<10>        |   12.821|
a<2>           |out<11>        |   12.638|
a<2>           |out<12>        |   12.737|
a<2>           |out<13>        |   12.918|
a<2>           |out<14>        |   13.338|
a<2>           |out<15>        |   12.721|
a<2>           |out<16>        |   12.677|
a<2>           |out<17>        |   13.637|
a<2>           |out<18>        |   13.232|
a<2>           |out<19>        |   13.238|
a<2>           |out<20>        |   13.544|
a<2>           |out<21>        |   13.086|
a<2>           |out<22>        |   14.080|
a<2>           |out<23>        |   13.030|
a<2>           |out<24>        |   12.983|
a<2>           |out<25>        |   13.181|
a<2>           |out<26>        |   13.968|
a<2>           |out<27>        |   13.112|
a<2>           |out<28>        |   13.941|
a<2>           |out<29>        |   14.047|
a<2>           |out<30>        |   14.381|
a<2>           |out<31>        |   14.386|
a<3>           |out<3>         |   12.853|
a<3>           |out<4>         |   13.152|
a<3>           |out<5>         |   13.112|
a<3>           |out<6>         |   12.872|
a<3>           |out<7>         |   13.369|
a<3>           |out<8>         |   13.322|
a<3>           |out<9>         |   13.529|
a<3>           |out<10>        |   13.352|
a<3>           |out<11>        |   13.169|
a<3>           |out<12>        |   13.230|
a<3>           |out<13>        |   13.449|
a<3>           |out<14>        |   13.869|
a<3>           |out<15>        |   13.252|
a<3>           |out<16>        |   13.208|
a<3>           |out<17>        |   14.168|
a<3>           |out<18>        |   13.763|
a<3>           |out<19>        |   13.769|
a<3>           |out<20>        |   14.075|
a<3>           |out<21>        |   13.600|
a<3>           |out<22>        |   14.611|
a<3>           |out<23>        |   13.561|
a<3>           |out<24>        |   13.485|
a<3>           |out<25>        |   13.712|
a<3>           |out<26>        |   14.499|
a<3>           |out<27>        |   13.643|
a<3>           |out<28>        |   14.472|
a<3>           |out<29>        |   14.578|
a<3>           |out<30>        |   14.912|
a<3>           |out<31>        |   14.917|
a<4>           |out<4>         |   11.882|
a<4>           |out<5>         |   11.814|
a<4>           |out<6>         |   11.769|
a<4>           |out<7>         |   12.177|
a<4>           |out<8>         |   12.171|
a<4>           |out<9>         |   12.378|
a<4>           |out<10>        |   12.201|
a<4>           |out<11>        |   12.018|
a<4>           |out<12>        |   12.292|
a<4>           |out<13>        |   12.298|
a<4>           |out<14>        |   12.718|
a<4>           |out<15>        |   12.101|
a<4>           |out<16>        |   12.057|
a<4>           |out<17>        |   13.017|
a<4>           |out<18>        |   12.612|
a<4>           |out<19>        |   12.618|
a<4>           |out<20>        |   12.924|
a<4>           |out<21>        |   12.641|
a<4>           |out<22>        |   13.460|
a<4>           |out<23>        |   12.410|
a<4>           |out<24>        |   12.538|
a<4>           |out<25>        |   12.587|
a<4>           |out<26>        |   13.348|
a<4>           |out<27>        |   12.492|
a<4>           |out<28>        |   13.321|
a<4>           |out<29>        |   13.427|
a<4>           |out<30>        |   13.761|
a<4>           |out<31>        |   13.766|
a<5>           |out<5>         |   12.409|
a<5>           |out<6>         |   12.303|
a<5>           |out<7>         |   12.823|
a<5>           |out<8>         |   12.810|
a<5>           |out<9>         |   13.017|
a<5>           |out<10>        |   12.840|
a<5>           |out<11>        |   12.657|
a<5>           |out<12>        |   12.718|
a<5>           |out<13>        |   12.937|
a<5>           |out<14>        |   13.357|
a<5>           |out<15>        |   12.740|
a<5>           |out<16>        |   12.696|
a<5>           |out<17>        |   13.656|
a<5>           |out<18>        |   13.251|
a<5>           |out<19>        |   13.257|
a<5>           |out<20>        |   13.563|
a<5>           |out<21>        |   13.088|
a<5>           |out<22>        |   14.099|
a<5>           |out<23>        |   13.049|
a<5>           |out<24>        |   12.973|
a<5>           |out<25>        |   13.200|
a<5>           |out<26>        |   13.987|
a<5>           |out<27>        |   13.131|
a<5>           |out<28>        |   13.960|
a<5>           |out<29>        |   14.066|
a<5>           |out<30>        |   14.400|
a<5>           |out<31>        |   14.405|
a<6>           |out<6>         |   11.658|
a<6>           |out<7>         |   12.174|
a<6>           |out<8>         |   12.207|
a<6>           |out<9>         |   12.414|
a<6>           |out<10>        |   12.237|
a<6>           |out<11>        |   12.054|
a<6>           |out<12>        |   12.115|
a<6>           |out<13>        |   12.334|
a<6>           |out<14>        |   12.754|
a<6>           |out<15>        |   12.137|
a<6>           |out<16>        |   12.093|
a<6>           |out<17>        |   13.053|
a<6>           |out<18>        |   12.648|
a<6>           |out<19>        |   12.654|
a<6>           |out<20>        |   12.960|
a<6>           |out<21>        |   12.485|
a<6>           |out<22>        |   13.496|
a<6>           |out<23>        |   12.446|
a<6>           |out<24>        |   12.370|
a<6>           |out<25>        |   12.597|
a<6>           |out<26>        |   13.384|
a<6>           |out<27>        |   12.528|
a<6>           |out<28>        |   13.357|
a<6>           |out<29>        |   13.463|
a<6>           |out<30>        |   13.797|
a<6>           |out<31>        |   13.802|
a<7>           |out<7>         |   11.935|
a<7>           |out<8>         |   11.790|
a<7>           |out<9>         |   11.997|
a<7>           |out<10>        |   11.820|
a<7>           |out<11>        |   11.759|
a<7>           |out<12>        |   12.118|
a<7>           |out<13>        |   11.917|
a<7>           |out<14>        |   12.337|
a<7>           |out<15>        |   11.720|
a<7>           |out<16>        |   11.676|
a<7>           |out<17>        |   12.636|
a<7>           |out<18>        |   12.231|
a<7>           |out<19>        |   12.237|
a<7>           |out<20>        |   12.543|
a<7>           |out<21>        |   12.467|
a<7>           |out<22>        |   13.079|
a<7>           |out<23>        |   12.029|
a<7>           |out<24>        |   12.364|
a<7>           |out<25>        |   12.413|
a<7>           |out<26>        |   12.967|
a<7>           |out<27>        |   12.255|
a<7>           |out<28>        |   12.940|
a<7>           |out<29>        |   13.046|
a<7>           |out<30>        |   13.380|
a<7>           |out<31>        |   13.509|
a<8>           |out<8>         |   12.274|
a<8>           |out<9>         |   12.453|
a<8>           |out<10>        |   12.365|
a<8>           |out<11>        |   12.199|
a<8>           |out<12>        |   12.301|
a<8>           |out<13>        |   12.520|
a<8>           |out<14>        |   12.940|
a<8>           |out<15>        |   12.323|
a<8>           |out<16>        |   12.279|
a<8>           |out<17>        |   13.239|
a<8>           |out<18>        |   12.834|
a<8>           |out<19>        |   12.840|
a<8>           |out<20>        |   13.146|
a<8>           |out<21>        |   12.671|
a<8>           |out<22>        |   13.682|
a<8>           |out<23>        |   12.632|
a<8>           |out<24>        |   12.556|
a<8>           |out<25>        |   12.783|
a<8>           |out<26>        |   13.570|
a<8>           |out<27>        |   12.714|
a<8>           |out<28>        |   13.543|
a<8>           |out<29>        |   13.649|
a<8>           |out<30>        |   13.983|
a<8>           |out<31>        |   13.988|
a<9>           |out<9>         |   11.684|
a<9>           |out<10>        |   11.641|
a<9>           |out<11>        |   11.615|
a<9>           |out<12>        |   12.009|
a<9>           |out<13>        |   11.795|
a<9>           |out<14>        |   12.215|
a<9>           |out<15>        |   11.598|
a<9>           |out<16>        |   11.554|
a<9>           |out<17>        |   12.514|
a<9>           |out<18>        |   12.109|
a<9>           |out<19>        |   12.115|
a<9>           |out<20>        |   12.421|
a<9>           |out<21>        |   12.358|
a<9>           |out<22>        |   12.957|
a<9>           |out<23>        |   11.907|
a<9>           |out<24>        |   12.255|
a<9>           |out<25>        |   12.304|
a<9>           |out<26>        |   12.845|
a<9>           |out<27>        |   12.146|
a<9>           |out<28>        |   12.818|
a<9>           |out<29>        |   12.924|
a<9>           |out<30>        |   13.258|
a<9>           |out<31>        |   13.400|
a<10>          |out<10>        |   11.765|
a<10>          |out<11>        |   11.601|
a<10>          |out<12>        |   11.742|
a<10>          |out<13>        |   11.961|
a<10>          |out<14>        |   12.381|
a<10>          |out<15>        |   11.764|
a<10>          |out<16>        |   11.720|
a<10>          |out<17>        |   12.680|
a<10>          |out<18>        |   12.275|
a<10>          |out<19>        |   12.281|
a<10>          |out<20>        |   12.587|
a<10>          |out<21>        |   12.112|
a<10>          |out<22>        |   13.123|
a<10>          |out<23>        |   12.073|
a<10>          |out<24>        |   11.997|
a<10>          |out<25>        |   12.224|
a<10>          |out<26>        |   13.011|
a<10>          |out<27>        |   12.155|
a<10>          |out<28>        |   12.984|
a<10>          |out<29>        |   13.090|
a<10>          |out<30>        |   13.424|
a<10>          |out<31>        |   13.429|
a<11>          |out<11>        |   12.219|
a<11>          |out<12>        |   12.362|
a<11>          |out<13>        |   12.581|
a<11>          |out<14>        |   13.001|
a<11>          |out<15>        |   12.384|
a<11>          |out<16>        |   12.340|
a<11>          |out<17>        |   13.300|
a<11>          |out<18>        |   12.895|
a<11>          |out<19>        |   12.901|
a<11>          |out<20>        |   13.207|
a<11>          |out<21>        |   12.732|
a<11>          |out<22>        |   13.743|
a<11>          |out<23>        |   12.693|
a<11>          |out<24>        |   12.617|
a<11>          |out<25>        |   12.844|
a<11>          |out<26>        |   13.631|
a<11>          |out<27>        |   12.775|
a<11>          |out<28>        |   13.604|
a<11>          |out<29>        |   13.710|
a<11>          |out<30>        |   14.044|
a<11>          |out<31>        |   14.049|
a<12>          |out<12>        |   11.712|
a<12>          |out<13>        |   11.903|
a<12>          |out<14>        |   12.412|
a<12>          |out<15>        |   11.812|
a<12>          |out<16>        |   11.809|
a<12>          |out<17>        |   12.769|
a<12>          |out<18>        |   12.364|
a<12>          |out<19>        |   12.370|
a<12>          |out<20>        |   12.676|
a<12>          |out<21>        |   12.201|
a<12>          |out<22>        |   13.212|
a<12>          |out<23>        |   12.162|
a<12>          |out<24>        |   12.086|
a<12>          |out<25>        |   12.313|
a<12>          |out<26>        |   13.100|
a<12>          |out<27>        |   12.244|
a<12>          |out<28>        |   13.073|
a<12>          |out<29>        |   13.179|
a<12>          |out<30>        |   13.513|
a<12>          |out<31>        |   13.518|
a<13>          |out<13>        |   11.475|
a<13>          |out<14>        |   12.029|
a<13>          |out<15>        |   11.435|
a<13>          |out<16>        |   11.425|
a<13>          |out<17>        |   12.385|
a<13>          |out<18>        |   11.998|
a<13>          |out<19>        |   11.986|
a<13>          |out<20>        |   12.365|
a<13>          |out<21>        |   12.325|
a<13>          |out<22>        |   12.828|
a<13>          |out<23>        |   11.778|
a<13>          |out<24>        |   12.222|
a<13>          |out<25>        |   12.271|
a<13>          |out<26>        |   12.716|
a<13>          |out<27>        |   12.113|
a<13>          |out<28>        |   12.689|
a<13>          |out<29>        |   12.795|
a<13>          |out<30>        |   13.129|
a<13>          |out<31>        |   13.367|
a<14>          |out<14>        |   11.774|
a<14>          |out<15>        |   11.176|
a<14>          |out<16>        |   11.212|
a<14>          |out<17>        |   12.172|
a<14>          |out<18>        |   11.767|
a<14>          |out<19>        |   11.773|
a<14>          |out<20>        |   12.079|
a<14>          |out<21>        |   11.879|
a<14>          |out<22>        |   12.615|
a<14>          |out<23>        |   11.565|
a<14>          |out<24>        |   11.776|
a<14>          |out<25>        |   11.825|
a<14>          |out<26>        |   12.503|
a<14>          |out<27>        |   11.667|
a<14>          |out<28>        |   12.476|
a<14>          |out<29>        |   12.582|
a<14>          |out<30>        |   12.916|
a<14>          |out<31>        |   12.921|
a<15>          |out<15>        |   10.853|
a<15>          |out<16>        |   11.094|
a<15>          |out<17>        |   11.850|
a<15>          |out<18>        |   11.727|
a<15>          |out<19>        |   11.613|
a<15>          |out<20>        |   12.094|
a<15>          |out<21>        |   12.054|
a<15>          |out<22>        |   12.334|
a<15>          |out<23>        |   11.407|
a<15>          |out<24>        |   11.951|
a<15>          |out<25>        |   12.000|
a<15>          |out<26>        |   12.340|
a<15>          |out<27>        |   11.842|
a<15>          |out<28>        |   12.386|
a<15>          |out<29>        |   12.436|
a<15>          |out<30>        |   12.594|
a<15>          |out<31>        |   13.096|
a<16>          |out<16>        |   11.001|
a<16>          |out<17>        |   11.933|
a<16>          |out<18>        |   11.617|
a<16>          |out<19>        |   11.640|
a<16>          |out<20>        |   11.987|
a<16>          |out<21>        |   11.673|
a<16>          |out<22>        |   12.523|
a<16>          |out<23>        |   11.473|
a<16>          |out<24>        |   11.570|
a<16>          |out<25>        |   11.624|
a<16>          |out<26>        |   12.411|
a<16>          |out<27>        |   11.555|
a<16>          |out<28>        |   12.384|
a<16>          |out<29>        |   12.490|
a<16>          |out<30>        |   12.824|
a<16>          |out<31>        |   12.829|
a<17>          |out<17>        |   12.568|
a<17>          |out<18>        |   12.297|
a<17>          |out<19>        |   12.326|
a<17>          |out<20>        |   12.666|
a<17>          |out<21>        |   12.191|
a<17>          |out<22>        |   13.202|
a<17>          |out<23>        |   12.152|
a<17>          |out<24>        |   12.076|
a<17>          |out<25>        |   12.303|
a<17>          |out<26>        |   13.090|
a<17>          |out<27>        |   12.234|
a<17>          |out<28>        |   13.063|
a<17>          |out<29>        |   13.169|
a<17>          |out<30>        |   13.503|
a<17>          |out<31>        |   13.508|
a<18>          |out<18>        |   11.817|
a<18>          |out<19>        |   11.842|
a<18>          |out<20>        |   12.228|
a<18>          |out<21>        |   11.753|
a<18>          |out<22>        |   12.764|
a<18>          |out<23>        |   11.714|
a<18>          |out<24>        |   11.638|
a<18>          |out<25>        |   11.865|
a<18>          |out<26>        |   12.652|
a<18>          |out<27>        |   11.796|
a<18>          |out<28>        |   12.625|
a<18>          |out<29>        |   12.731|
a<18>          |out<30>        |   13.065|
a<18>          |out<31>        |   13.070|
a<19>          |out<19>        |   11.985|
a<19>          |out<20>        |   12.373|
a<19>          |out<21>        |   11.898|
a<19>          |out<22>        |   12.909|
a<19>          |out<23>        |   11.859|
a<19>          |out<24>        |   11.783|
a<19>          |out<25>        |   12.010|
a<19>          |out<26>        |   12.797|
a<19>          |out<27>        |   11.941|
a<19>          |out<28>        |   12.770|
a<19>          |out<29>        |   12.876|
a<19>          |out<30>        |   13.210|
a<19>          |out<31>        |   13.215|
a<20>          |out<20>        |   12.120|
a<20>          |out<21>        |   11.953|
a<20>          |out<22>        |   12.717|
a<20>          |out<23>        |   11.684|
a<20>          |out<24>        |   12.006|
a<20>          |out<25>        |   12.055|
a<20>          |out<26>        |   12.663|
a<20>          |out<27>        |   11.897|
a<20>          |out<28>        |   12.636|
a<20>          |out<29>        |   12.742|
a<20>          |out<30>        |   13.076|
a<20>          |out<31>        |   13.151|
a<21>          |out<21>        |   11.729|
a<21>          |out<22>        |   12.617|
a<21>          |out<23>        |   11.590|
a<21>          |out<24>        |   11.846|
a<21>          |out<25>        |   11.895|
a<21>          |out<26>        |   12.562|
a<21>          |out<27>        |   11.737|
a<21>          |out<28>        |   12.535|
a<21>          |out<29>        |   12.641|
a<21>          |out<30>        |   12.975|
a<21>          |out<31>        |   12.991|
a<22>          |out<22>        |   12.573|
a<22>          |out<23>        |   11.542|
a<22>          |out<24>        |   11.546|
a<22>          |out<25>        |   11.773|
a<22>          |out<26>        |   12.560|
a<22>          |out<27>        |   11.704|
a<22>          |out<28>        |   12.533|
a<22>          |out<29>        |   12.639|
a<22>          |out<30>        |   12.973|
a<22>          |out<31>        |   12.978|
a<23>          |out<23>        |   11.576|
a<23>          |out<24>        |   11.675|
a<23>          |out<25>        |   11.902|
a<23>          |out<26>        |   12.689|
a<23>          |out<27>        |   11.833|
a<23>          |out<28>        |   12.662|
a<23>          |out<29>        |   12.768|
a<23>          |out<30>        |   13.102|
a<23>          |out<31>        |   13.107|
a<24>          |out<24>        |   11.781|
a<24>          |out<25>        |   11.980|
a<24>          |out<26>        |   12.856|
a<24>          |out<27>        |   12.017|
a<24>          |out<28>        |   12.887|
a<24>          |out<29>        |   12.993|
a<24>          |out<30>        |   13.327|
a<24>          |out<31>        |   13.332|
a<25>          |out<25>        |   11.475|
a<25>          |out<26>        |   12.396|
a<25>          |out<27>        |   11.563|
a<25>          |out<28>        |   12.426|
a<25>          |out<29>        |   12.532|
a<25>          |out<30>        |   12.866|
a<25>          |out<31>        |   12.871|
a<26>          |out<26>        |   12.448|
a<26>          |out<27>        |   11.611|
a<26>          |out<28>        |   12.520|
a<26>          |out<29>        |   12.626|
a<26>          |out<30>        |   12.960|
a<26>          |out<31>        |   12.965|
a<27>          |out<27>        |   11.434|
a<27>          |out<28>        |   12.345|
a<27>          |out<29>        |   12.451|
a<27>          |out<30>        |   12.785|
a<27>          |out<31>        |   12.790|
a<28>          |out<28>        |   12.036|
a<28>          |out<29>        |   12.114|
a<28>          |out<30>        |   12.537|
a<28>          |out<31>        |   12.559|
a<29>          |out<29>        |   12.604|
a<29>          |out<30>        |   13.072|
a<29>          |out<31>        |   13.100|
a<30>          |out<30>        |   12.692|
a<30>          |out<31>        |   12.716|
a<31>          |out<31>        |   12.608|
b<0>           |out<0>         |   12.885|
b<0>           |out<1>         |   12.279|
b<0>           |out<2>         |   12.367|
b<0>           |out<3>         |   12.244|
b<0>           |out<4>         |   12.502|
b<0>           |out<5>         |   12.462|
b<0>           |out<6>         |   12.222|
b<0>           |out<7>         |   12.719|
b<0>           |out<8>         |   12.672|
b<0>           |out<9>         |   12.879|
b<0>           |out<10>        |   12.702|
b<0>           |out<11>        |   12.519|
b<0>           |out<12>        |   12.600|
b<0>           |out<13>        |   12.799|
b<0>           |out<14>        |   13.219|
b<0>           |out<15>        |   12.602|
b<0>           |out<16>        |   12.558|
b<0>           |out<17>        |   13.518|
b<0>           |out<18>        |   13.113|
b<0>           |out<19>        |   13.119|
b<0>           |out<20>        |   13.425|
b<0>           |out<21>        |   12.950|
b<0>           |out<22>        |   13.961|
b<0>           |out<23>        |   12.911|
b<0>           |out<24>        |   12.846|
b<0>           |out<25>        |   13.062|
b<0>           |out<26>        |   13.849|
b<0>           |out<27>        |   12.993|
b<0>           |out<28>        |   13.822|
b<0>           |out<29>        |   13.928|
b<0>           |out<30>        |   14.262|
b<0>           |out<31>        |   14.267|
b<1>           |out<1>         |   12.097|
b<1>           |out<2>         |   12.230|
b<1>           |out<3>         |   12.113|
b<1>           |out<4>         |   12.364|
b<1>           |out<5>         |   12.324|
b<1>           |out<6>         |   12.084|
b<1>           |out<7>         |   12.581|
b<1>           |out<8>         |   12.534|
b<1>           |out<9>         |   12.741|
b<1>           |out<10>        |   12.564|
b<1>           |out<11>        |   12.381|
b<1>           |out<12>        |   12.442|
b<1>           |out<13>        |   12.661|
b<1>           |out<14>        |   13.081|
b<1>           |out<15>        |   12.464|
b<1>           |out<16>        |   12.420|
b<1>           |out<17>        |   13.380|
b<1>           |out<18>        |   12.975|
b<1>           |out<19>        |   12.981|
b<1>           |out<20>        |   13.287|
b<1>           |out<21>        |   12.812|
b<1>           |out<22>        |   13.823|
b<1>           |out<23>        |   12.773|
b<1>           |out<24>        |   12.697|
b<1>           |out<25>        |   12.924|
b<1>           |out<26>        |   13.711|
b<1>           |out<27>        |   12.855|
b<1>           |out<28>        |   13.684|
b<1>           |out<29>        |   13.790|
b<1>           |out<30>        |   14.124|
b<1>           |out<31>        |   14.129|
b<2>           |out<2>         |   12.021|
b<2>           |out<3>         |   11.900|
b<2>           |out<4>         |   12.197|
b<2>           |out<5>         |   12.157|
b<2>           |out<6>         |   11.917|
b<2>           |out<7>         |   12.414|
b<2>           |out<8>         |   12.367|
b<2>           |out<9>         |   12.574|
b<2>           |out<10>        |   12.397|
b<2>           |out<11>        |   12.214|
b<2>           |out<12>        |   12.275|
b<2>           |out<13>        |   12.494|
b<2>           |out<14>        |   12.914|
b<2>           |out<15>        |   12.297|
b<2>           |out<16>        |   12.253|
b<2>           |out<17>        |   13.213|
b<2>           |out<18>        |   12.808|
b<2>           |out<19>        |   12.814|
b<2>           |out<20>        |   13.120|
b<2>           |out<21>        |   12.645|
b<2>           |out<22>        |   13.656|
b<2>           |out<23>        |   12.606|
b<2>           |out<24>        |   12.530|
b<2>           |out<25>        |   12.757|
b<2>           |out<26>        |   13.544|
b<2>           |out<27>        |   12.688|
b<2>           |out<28>        |   13.517|
b<2>           |out<29>        |   13.623|
b<2>           |out<30>        |   13.957|
b<2>           |out<31>        |   13.962|
b<3>           |out<3>         |   12.088|
b<3>           |out<4>         |   12.387|
b<3>           |out<5>         |   12.347|
b<3>           |out<6>         |   12.107|
b<3>           |out<7>         |   12.604|
b<3>           |out<8>         |   12.557|
b<3>           |out<9>         |   12.764|
b<3>           |out<10>        |   12.587|
b<3>           |out<11>        |   12.404|
b<3>           |out<12>        |   12.465|
b<3>           |out<13>        |   12.684|
b<3>           |out<14>        |   13.104|
b<3>           |out<15>        |   12.487|
b<3>           |out<16>        |   12.443|
b<3>           |out<17>        |   13.403|
b<3>           |out<18>        |   12.998|
b<3>           |out<19>        |   13.004|
b<3>           |out<20>        |   13.310|
b<3>           |out<21>        |   12.835|
b<3>           |out<22>        |   13.846|
b<3>           |out<23>        |   12.796|
b<3>           |out<24>        |   12.720|
b<3>           |out<25>        |   12.947|
b<3>           |out<26>        |   13.734|
b<3>           |out<27>        |   12.878|
b<3>           |out<28>        |   13.707|
b<3>           |out<29>        |   13.813|
b<3>           |out<30>        |   14.147|
b<3>           |out<31>        |   14.152|
b<4>           |out<4>         |   12.284|
b<4>           |out<5>         |   12.216|
b<4>           |out<6>         |   12.065|
b<4>           |out<7>         |   12.579|
b<4>           |out<8>         |   12.573|
b<4>           |out<9>         |   12.780|
b<4>           |out<10>        |   12.603|
b<4>           |out<11>        |   12.420|
b<4>           |out<12>        |   12.494|
b<4>           |out<13>        |   12.700|
b<4>           |out<14>        |   13.120|
b<4>           |out<15>        |   12.503|
b<4>           |out<16>        |   12.459|
b<4>           |out<17>        |   13.419|
b<4>           |out<18>        |   13.014|
b<4>           |out<19>        |   13.020|
b<4>           |out<20>        |   13.326|
b<4>           |out<21>        |   12.851|
b<4>           |out<22>        |   13.862|
b<4>           |out<23>        |   12.812|
b<4>           |out<24>        |   12.740|
b<4>           |out<25>        |   12.963|
b<4>           |out<26>        |   13.750|
b<4>           |out<27>        |   12.894|
b<4>           |out<28>        |   13.723|
b<4>           |out<29>        |   13.829|
b<4>           |out<30>        |   14.163|
b<4>           |out<31>        |   14.168|
b<5>           |out<5>         |   12.226|
b<5>           |out<6>         |   12.120|
b<5>           |out<7>         |   12.640|
b<5>           |out<8>         |   12.627|
b<5>           |out<9>         |   12.834|
b<5>           |out<10>        |   12.657|
b<5>           |out<11>        |   12.474|
b<5>           |out<12>        |   12.559|
b<5>           |out<13>        |   12.754|
b<5>           |out<14>        |   13.174|
b<5>           |out<15>        |   12.557|
b<5>           |out<16>        |   12.513|
b<5>           |out<17>        |   13.473|
b<5>           |out<18>        |   13.068|
b<5>           |out<19>        |   13.074|
b<5>           |out<20>        |   13.380|
b<5>           |out<21>        |   12.908|
b<5>           |out<22>        |   13.916|
b<5>           |out<23>        |   12.866|
b<5>           |out<24>        |   12.805|
b<5>           |out<25>        |   13.017|
b<5>           |out<26>        |   13.804|
b<5>           |out<27>        |   12.948|
b<5>           |out<28>        |   13.777|
b<5>           |out<29>        |   13.883|
b<5>           |out<30>        |   14.217|
b<5>           |out<31>        |   14.222|
b<6>           |out<6>         |   11.821|
b<6>           |out<7>         |   12.337|
b<6>           |out<8>         |   12.370|
b<6>           |out<9>         |   12.577|
b<6>           |out<10>        |   12.400|
b<6>           |out<11>        |   12.217|
b<6>           |out<12>        |   12.278|
b<6>           |out<13>        |   12.497|
b<6>           |out<14>        |   12.917|
b<6>           |out<15>        |   12.300|
b<6>           |out<16>        |   12.256|
b<6>           |out<17>        |   13.216|
b<6>           |out<18>        |   12.811|
b<6>           |out<19>        |   12.817|
b<6>           |out<20>        |   13.123|
b<6>           |out<21>        |   12.648|
b<6>           |out<22>        |   13.659|
b<6>           |out<23>        |   12.609|
b<6>           |out<24>        |   12.533|
b<6>           |out<25>        |   12.760|
b<6>           |out<26>        |   13.547|
b<6>           |out<27>        |   12.691|
b<6>           |out<28>        |   13.520|
b<6>           |out<29>        |   13.626|
b<6>           |out<30>        |   13.960|
b<6>           |out<31>        |   13.965|
b<7>           |out<7>         |   12.384|
b<7>           |out<8>         |   12.419|
b<7>           |out<9>         |   12.626|
b<7>           |out<10>        |   12.449|
b<7>           |out<11>        |   12.266|
b<7>           |out<12>        |   12.327|
b<7>           |out<13>        |   12.546|
b<7>           |out<14>        |   12.966|
b<7>           |out<15>        |   12.349|
b<7>           |out<16>        |   12.305|
b<7>           |out<17>        |   13.265|
b<7>           |out<18>        |   12.860|
b<7>           |out<19>        |   12.866|
b<7>           |out<20>        |   13.172|
b<7>           |out<21>        |   12.697|
b<7>           |out<22>        |   13.708|
b<7>           |out<23>        |   12.658|
b<7>           |out<24>        |   12.582|
b<7>           |out<25>        |   12.809|
b<7>           |out<26>        |   13.596|
b<7>           |out<27>        |   12.740|
b<7>           |out<28>        |   13.569|
b<7>           |out<29>        |   13.675|
b<7>           |out<30>        |   14.009|
b<7>           |out<31>        |   14.014|
b<8>           |out<8>         |   12.352|
b<8>           |out<9>         |   12.531|
b<8>           |out<10>        |   12.443|
b<8>           |out<11>        |   12.277|
b<8>           |out<12>        |   12.379|
b<8>           |out<13>        |   12.598|
b<8>           |out<14>        |   13.018|
b<8>           |out<15>        |   12.401|
b<8>           |out<16>        |   12.357|
b<8>           |out<17>        |   13.317|
b<8>           |out<18>        |   12.912|
b<8>           |out<19>        |   12.918|
b<8>           |out<20>        |   13.224|
b<8>           |out<21>        |   12.749|
b<8>           |out<22>        |   13.760|
b<8>           |out<23>        |   12.710|
b<8>           |out<24>        |   12.634|
b<8>           |out<25>        |   12.861|
b<8>           |out<26>        |   13.648|
b<8>           |out<27>        |   12.792|
b<8>           |out<28>        |   13.621|
b<8>           |out<29>        |   13.727|
b<8>           |out<30>        |   14.061|
b<8>           |out<31>        |   14.066|
b<9>           |out<9>         |   12.089|
b<9>           |out<10>        |   12.046|
b<9>           |out<11>        |   11.886|
b<9>           |out<12>        |   11.981|
b<9>           |out<13>        |   12.200|
b<9>           |out<14>        |   12.620|
b<9>           |out<15>        |   12.003|
b<9>           |out<16>        |   11.959|
b<9>           |out<17>        |   12.919|
b<9>           |out<18>        |   12.514|
b<9>           |out<19>        |   12.520|
b<9>           |out<20>        |   12.826|
b<9>           |out<21>        |   12.351|
b<9>           |out<22>        |   13.362|
b<9>           |out<23>        |   12.312|
b<9>           |out<24>        |   12.236|
b<9>           |out<25>        |   12.463|
b<9>           |out<26>        |   13.250|
b<9>           |out<27>        |   12.394|
b<9>           |out<28>        |   13.223|
b<9>           |out<29>        |   13.329|
b<9>           |out<30>        |   13.663|
b<9>           |out<31>        |   13.668|
b<10>          |out<10>        |   11.988|
b<10>          |out<11>        |   11.824|
b<10>          |out<12>        |   11.965|
b<10>          |out<13>        |   12.184|
b<10>          |out<14>        |   12.604|
b<10>          |out<15>        |   11.987|
b<10>          |out<16>        |   11.943|
b<10>          |out<17>        |   12.903|
b<10>          |out<18>        |   12.498|
b<10>          |out<19>        |   12.504|
b<10>          |out<20>        |   12.810|
b<10>          |out<21>        |   12.335|
b<10>          |out<22>        |   13.346|
b<10>          |out<23>        |   12.296|
b<10>          |out<24>        |   12.220|
b<10>          |out<25>        |   12.447|
b<10>          |out<26>        |   13.234|
b<10>          |out<27>        |   12.378|
b<10>          |out<28>        |   13.207|
b<10>          |out<29>        |   13.313|
b<10>          |out<30>        |   13.647|
b<10>          |out<31>        |   13.652|
b<11>          |out<11>        |   11.719|
b<11>          |out<12>        |   11.862|
b<11>          |out<13>        |   12.081|
b<11>          |out<14>        |   12.501|
b<11>          |out<15>        |   11.884|
b<11>          |out<16>        |   11.840|
b<11>          |out<17>        |   12.800|
b<11>          |out<18>        |   12.395|
b<11>          |out<19>        |   12.401|
b<11>          |out<20>        |   12.707|
b<11>          |out<21>        |   12.232|
b<11>          |out<22>        |   13.243|
b<11>          |out<23>        |   12.193|
b<11>          |out<24>        |   12.117|
b<11>          |out<25>        |   12.344|
b<11>          |out<26>        |   13.131|
b<11>          |out<27>        |   12.275|
b<11>          |out<28>        |   13.104|
b<11>          |out<29>        |   13.210|
b<11>          |out<30>        |   13.544|
b<11>          |out<31>        |   13.549|
b<12>          |out<12>        |   11.857|
b<12>          |out<13>        |   12.048|
b<12>          |out<14>        |   12.557|
b<12>          |out<15>        |   11.957|
b<12>          |out<16>        |   11.954|
b<12>          |out<17>        |   12.914|
b<12>          |out<18>        |   12.509|
b<12>          |out<19>        |   12.515|
b<12>          |out<20>        |   12.821|
b<12>          |out<21>        |   12.346|
b<12>          |out<22>        |   13.357|
b<12>          |out<23>        |   12.307|
b<12>          |out<24>        |   12.235|
b<12>          |out<25>        |   12.458|
b<12>          |out<26>        |   13.245|
b<12>          |out<27>        |   12.389|
b<12>          |out<28>        |   13.218|
b<12>          |out<29>        |   13.324|
b<12>          |out<30>        |   13.658|
b<12>          |out<31>        |   13.663|
b<13>          |out<13>        |   11.894|
b<13>          |out<14>        |   12.448|
b<13>          |out<15>        |   11.854|
b<13>          |out<16>        |   11.844|
b<13>          |out<17>        |   12.804|
b<13>          |out<18>        |   12.399|
b<13>          |out<19>        |   12.405|
b<13>          |out<20>        |   12.711|
b<13>          |out<21>        |   12.269|
b<13>          |out<22>        |   13.247|
b<13>          |out<23>        |   12.197|
b<13>          |out<24>        |   12.166|
b<13>          |out<25>        |   12.348|
b<13>          |out<26>        |   13.135|
b<13>          |out<27>        |   12.279|
b<13>          |out<28>        |   13.108|
b<13>          |out<29>        |   13.214|
b<13>          |out<30>        |   13.548|
b<13>          |out<31>        |   13.553|
b<14>          |out<14>        |   12.435|
b<14>          |out<15>        |   11.837|
b<14>          |out<16>        |   11.873|
b<14>          |out<17>        |   12.833|
b<14>          |out<18>        |   12.428|
b<14>          |out<19>        |   12.434|
b<14>          |out<20>        |   12.740|
b<14>          |out<21>        |   12.265|
b<14>          |out<22>        |   13.276|
b<14>          |out<23>        |   12.226|
b<14>          |out<24>        |   12.150|
b<14>          |out<25>        |   12.377|
b<14>          |out<26>        |   13.164|
b<14>          |out<27>        |   12.308|
b<14>          |out<28>        |   13.137|
b<14>          |out<29>        |   13.243|
b<14>          |out<30>        |   13.577|
b<14>          |out<31>        |   13.582|
b<15>          |out<15>        |   11.793|
b<15>          |out<16>        |   11.831|
b<15>          |out<17>        |   12.791|
b<15>          |out<18>        |   12.386|
b<15>          |out<19>        |   12.392|
b<15>          |out<20>        |   12.698|
b<15>          |out<21>        |   12.225|
b<15>          |out<22>        |   13.234|
b<15>          |out<23>        |   12.184|
b<15>          |out<24>        |   12.122|
b<15>          |out<25>        |   12.335|
b<15>          |out<26>        |   13.122|
b<15>          |out<27>        |   12.266|
b<15>          |out<28>        |   13.095|
b<15>          |out<29>        |   13.201|
b<15>          |out<30>        |   13.535|
b<15>          |out<31>        |   13.540|
b<16>          |out<16>        |   11.972|
b<16>          |out<17>        |   12.904|
b<16>          |out<18>        |   12.588|
b<16>          |out<19>        |   12.611|
b<16>          |out<20>        |   12.958|
b<16>          |out<21>        |   12.483|
b<16>          |out<22>        |   13.494|
b<16>          |out<23>        |   12.444|
b<16>          |out<24>        |   12.372|
b<16>          |out<25>        |   12.595|
b<16>          |out<26>        |   13.382|
b<16>          |out<27>        |   12.526|
b<16>          |out<28>        |   13.355|
b<16>          |out<29>        |   13.461|
b<16>          |out<30>        |   13.795|
b<16>          |out<31>        |   13.800|
b<17>          |out<17>        |   13.209|
b<17>          |out<18>        |   12.938|
b<17>          |out<19>        |   12.967|
b<17>          |out<20>        |   13.307|
b<17>          |out<21>        |   12.832|
b<17>          |out<22>        |   13.843|
b<17>          |out<23>        |   12.793|
b<17>          |out<24>        |   12.717|
b<17>          |out<25>        |   12.944|
b<17>          |out<26>        |   13.731|
b<17>          |out<27>        |   12.875|
b<17>          |out<28>        |   13.704|
b<17>          |out<29>        |   13.810|
b<17>          |out<30>        |   14.144|
b<17>          |out<31>        |   14.149|
b<18>          |out<18>        |   12.647|
b<18>          |out<19>        |   12.672|
b<18>          |out<20>        |   13.058|
b<18>          |out<21>        |   12.583|
b<18>          |out<22>        |   13.594|
b<18>          |out<23>        |   12.544|
b<18>          |out<24>        |   12.468|
b<18>          |out<25>        |   12.695|
b<18>          |out<26>        |   13.482|
b<18>          |out<27>        |   12.626|
b<18>          |out<28>        |   13.455|
b<18>          |out<29>        |   13.561|
b<18>          |out<30>        |   13.895|
b<18>          |out<31>        |   13.900|
b<19>          |out<19>        |   12.410|
b<19>          |out<20>        |   12.798|
b<19>          |out<21>        |   12.323|
b<19>          |out<22>        |   13.334|
b<19>          |out<23>        |   12.284|
b<19>          |out<24>        |   12.208|
b<19>          |out<25>        |   12.435|
b<19>          |out<26>        |   13.222|
b<19>          |out<27>        |   12.366|
b<19>          |out<28>        |   13.195|
b<19>          |out<29>        |   13.301|
b<19>          |out<30>        |   13.635|
b<19>          |out<31>        |   13.640|
b<20>          |out<20>        |   12.978|
b<20>          |out<21>        |   12.475|
b<20>          |out<22>        |   13.575|
b<20>          |out<23>        |   12.542|
b<20>          |out<24>        |   12.507|
b<20>          |out<25>        |   12.734|
b<20>          |out<26>        |   13.521|
b<20>          |out<27>        |   12.665|
b<20>          |out<28>        |   13.494|
b<20>          |out<29>        |   13.600|
b<20>          |out<30>        |   13.934|
b<20>          |out<31>        |   13.939|
b<21>          |out<21>        |   12.281|
b<21>          |out<22>        |   13.426|
b<21>          |out<23>        |   12.399|
b<21>          |out<24>        |   12.357|
b<21>          |out<25>        |   12.584|
b<21>          |out<26>        |   13.371|
b<21>          |out<27>        |   12.515|
b<21>          |out<28>        |   13.344|
b<21>          |out<29>        |   13.450|
b<21>          |out<30>        |   13.784|
b<21>          |out<31>        |   13.789|
b<22>          |out<22>        |   13.107|
b<22>          |out<23>        |   12.076|
b<22>          |out<24>        |   12.139|
b<22>          |out<25>        |   12.307|
b<22>          |out<26>        |   13.094|
b<22>          |out<27>        |   12.238|
b<22>          |out<28>        |   13.067|
b<22>          |out<29>        |   13.173|
b<22>          |out<30>        |   13.507|
b<22>          |out<31>        |   13.512|
b<23>          |out<23>        |   11.977|
b<23>          |out<24>        |   12.031|
b<23>          |out<25>        |   12.210|
b<23>          |out<26>        |   12.997|
b<23>          |out<27>        |   12.141|
b<23>          |out<28>        |   12.970|
b<23>          |out<29>        |   13.076|
b<23>          |out<30>        |   13.410|
b<23>          |out<31>        |   13.415|
b<24>          |out<24>        |   12.389|
b<24>          |out<25>        |   12.588|
b<24>          |out<26>        |   13.464|
b<24>          |out<27>        |   12.625|
b<24>          |out<28>        |   13.495|
b<24>          |out<29>        |   13.601|
b<24>          |out<30>        |   13.935|
b<24>          |out<31>        |   13.940|
b<25>          |out<25>        |   12.292|
b<25>          |out<26>        |   13.213|
b<25>          |out<27>        |   12.380|
b<25>          |out<28>        |   13.243|
b<25>          |out<29>        |   13.349|
b<25>          |out<30>        |   13.683|
b<25>          |out<31>        |   13.688|
b<26>          |out<26>        |   13.287|
b<26>          |out<27>        |   12.450|
b<26>          |out<28>        |   13.359|
b<26>          |out<29>        |   13.465|
b<26>          |out<30>        |   13.799|
b<26>          |out<31>        |   13.804|
b<27>          |out<27>        |   12.123|
b<27>          |out<28>        |   13.034|
b<27>          |out<29>        |   13.140|
b<27>          |out<30>        |   13.474|
b<27>          |out<31>        |   13.479|
b<28>          |out<28>        |   13.453|
b<28>          |out<29>        |   13.531|
b<28>          |out<30>        |   13.954|
b<28>          |out<31>        |   13.976|
b<29>          |out<29>        |   12.832|
b<29>          |out<30>        |   13.300|
b<29>          |out<31>        |   13.328|
b<30>          |out<30>        |   12.879|
b<30>          |out<31>        |   12.903|
b<31>          |out<31>        |   13.015|
card<0>        |out<0>         |   12.729|
card<0>        |out<1>         |   12.073|
card<0>        |out<2>         |   12.292|
card<0>        |out<3>         |   11.958|
card<0>        |out<4>         |   11.793|
card<0>        |out<5>         |   11.979|
card<0>        |out<6>         |   12.250|
card<0>        |out<7>         |   11.904|
card<0>        |out<8>         |   12.005|
card<0>        |out<9>         |   12.107|
card<0>        |out<10>        |   12.381|
card<0>        |out<11>        |   12.468|
card<0>        |out<12>        |   11.317|
card<0>        |out<13>        |   11.220|
card<0>        |out<14>        |   11.649|
card<0>        |out<15>        |   11.366|
card<0>        |out<16>        |   11.780|
card<0>        |out<17>        |   13.054|
card<0>        |out<18>        |   11.679|
card<0>        |out<19>        |   12.103|
card<0>        |out<20>        |   12.166|
card<0>        |out<21>        |   12.157|
card<0>        |out<22>        |   12.638|
card<0>        |out<23>        |   11.568|
card<0>        |out<24>        |   11.750|
card<0>        |out<25>        |   11.162|
card<0>        |out<26>        |   11.541|
card<0>        |out<27>        |   11.416|
card<0>        |out<28>        |   12.693|
card<0>        |out<29>        |   11.837|
card<0>        |out<30>        |   12.753|
card<0>        |out<31>        |   12.727|
card<1>        |out<0>         |   12.294|
card<1>        |out<1>         |   12.406|
card<1>        |out<2>         |   12.367|
card<1>        |out<3>         |   12.000|
card<1>        |out<4>         |   12.158|
card<1>        |out<5>         |   11.525|
card<1>        |out<6>         |   11.949|
card<1>        |out<7>         |   12.361|
card<1>        |out<8>         |   11.636|
card<1>        |out<9>         |   12.062|
card<1>        |out<10>        |   12.299|
card<1>        |out<11>        |   12.211|
card<1>        |out<12>        |   11.237|
card<1>        |out<13>        |   11.378|
card<1>        |out<14>        |   12.005|
card<1>        |out<15>        |   11.257|
card<1>        |out<16>        |   11.463|
card<1>        |out<17>        |   12.820|
card<1>        |out<18>        |   12.099|
card<1>        |out<19>        |   11.988|
card<1>        |out<20>        |   12.349|
card<1>        |out<21>        |   12.246|
card<1>        |out<22>        |   12.567|
card<1>        |out<23>        |   11.853|
card<1>        |out<24>        |   11.871|
card<1>        |out<25>        |   11.361|
card<1>        |out<26>        |   11.764|
card<1>        |out<27>        |   11.729|
card<1>        |out<28>        |   12.827|
card<1>        |out<29>        |   12.121|
card<1>        |out<30>        |   12.602|
card<1>        |out<31>        |   12.690|
card<2>        |out<0>         |   11.651|
card<2>        |out<1>         |   12.125|
card<2>        |out<2>         |   11.349|
card<2>        |out<3>         |   11.557|
card<2>        |out<4>         |   11.129|
card<2>        |out<5>         |   11.175|
card<2>        |out<6>         |   11.368|
card<2>        |out<7>         |   11.298|
card<2>        |out<8>         |   11.171|
card<2>        |out<9>         |   11.728|
card<2>        |out<10>        |   10.513|
card<2>        |out<11>        |   10.549|
card<2>        |out<12>        |   10.801|
card<2>        |out<13>        |   10.608|
card<2>        |out<14>        |   11.568|
card<2>        |out<15>        |   10.207|
card<2>        |out<16>        |   10.622|
card<2>        |out<17>        |   11.569|
card<2>        |out<18>        |   11.348|
card<2>        |out<19>        |   10.996|
card<2>        |out<20>        |   11.684|
card<2>        |out<21>        |   11.918|
card<2>        |out<22>        |   11.846|
card<2>        |out<23>        |   10.866|
card<2>        |out<24>        |   11.404|
card<2>        |out<25>        |   10.509|
card<2>        |out<26>        |   11.375|
card<2>        |out<27>        |   11.462|
card<2>        |out<28>        |   11.961|
card<2>        |out<29>        |   11.806|
card<2>        |out<30>        |   12.443|
card<2>        |out<31>        |   12.177|
card<3>        |out<0>         |   12.159|
card<3>        |out<1>         |   12.131|
card<3>        |out<2>         |   11.883|
card<3>        |out<3>         |   11.828|
card<3>        |out<4>         |   11.712|
card<3>        |out<5>         |   11.616|
card<3>        |out<6>         |   12.137|
card<3>        |out<7>         |   12.313|
card<3>        |out<8>         |   11.728|
card<3>        |out<9>         |   12.083|
card<3>        |out<10>        |   12.071|
card<3>        |out<11>        |   11.960|
card<3>        |out<12>        |   11.023|
card<3>        |out<13>        |   11.488|
card<3>        |out<14>        |   12.351|
card<3>        |out<15>        |   11.254|
card<3>        |out<16>        |   11.770|
card<3>        |out<17>        |   12.495|
card<3>        |out<18>        |   11.801|
card<3>        |out<19>        |   12.151|
card<3>        |out<20>        |   12.515|
card<3>        |out<21>        |   11.835|
card<3>        |out<22>        |   12.324|
card<3>        |out<23>        |   11.749|
card<3>        |out<24>        |   11.655|
card<3>        |out<25>        |   11.067|
card<3>        |out<26>        |   11.734|
card<3>        |out<27>        |   11.421|
card<3>        |out<28>        |   12.731|
card<3>        |out<29>        |   11.680|
card<3>        |out<30>        |   12.557|
card<3>        |out<31>        |   12.899|
card<4>        |out<0>         |   11.926|
card<4>        |out<1>         |   12.317|
card<4>        |out<2>         |   11.829|
card<4>        |out<3>         |   11.840|
card<4>        |out<4>         |   11.199|
card<4>        |out<5>         |   11.414|
card<4>        |out<6>         |   11.788|
card<4>        |out<7>         |   11.552|
card<4>        |out<8>         |   11.226|
card<4>        |out<9>         |   11.620|
card<4>        |out<10>        |   10.917|
card<4>        |out<11>        |   11.000|
card<4>        |out<12>        |   10.900|
card<4>        |out<13>        |   11.245|
card<4>        |out<14>        |   11.356|
card<4>        |out<15>        |   10.667|
card<4>        |out<16>        |   10.465|
card<4>        |out<17>        |   11.660|
card<4>        |out<18>        |   11.543|
card<4>        |out<19>        |   11.287|
card<4>        |out<20>        |   11.864|
card<4>        |out<21>        |   11.773|
card<4>        |out<22>        |   11.987|
card<4>        |out<23>        |   11.143|
card<4>        |out<24>        |   11.584|
card<4>        |out<25>        |   10.924|
card<4>        |out<26>        |   11.630|
card<4>        |out<27>        |   11.533|
card<4>        |out<28>        |   11.840|
card<4>        |out<29>        |   11.693|
card<4>        |out<30>        |   12.163|
card<4>        |out<31>        |   12.159|
card<5>        |out<0>         |   11.451|
card<5>        |out<1>         |   11.842|
card<5>        |out<2>         |   11.354|
card<5>        |out<3>         |   11.365|
card<5>        |out<4>         |   10.724|
card<5>        |out<5>         |   10.939|
card<5>        |out<6>         |   11.313|
card<5>        |out<7>         |   11.077|
card<5>        |out<8>         |   10.751|
card<5>        |out<9>         |   11.145|
card<5>        |out<10>        |   10.442|
card<5>        |out<11>        |   10.525|
card<5>        |out<12>        |   10.425|
card<5>        |out<13>        |   10.770|
card<5>        |out<14>        |   10.881|
card<5>        |out<15>        |   10.192|
card<5>        |out<16>        |    9.990|
card<5>        |out<17>        |   11.185|
card<5>        |out<18>        |   11.068|
card<5>        |out<19>        |   10.812|
card<5>        |out<20>        |   11.389|
card<5>        |out<21>        |   11.298|
card<5>        |out<22>        |   11.512|
card<5>        |out<23>        |   10.668|
card<5>        |out<24>        |   11.109|
card<5>        |out<25>        |   10.449|
card<5>        |out<26>        |   11.155|
card<5>        |out<27>        |   11.058|
card<5>        |out<28>        |   11.365|
card<5>        |out<29>        |   11.218|
card<5>        |out<30>        |   11.688|
card<5>        |out<31>        |   11.684|
card<6>        |out<0>         |   11.590|
card<6>        |out<1>         |   11.981|
card<6>        |out<2>         |   11.493|
card<6>        |out<3>         |   11.504|
card<6>        |out<4>         |   10.863|
card<6>        |out<5>         |   11.078|
card<6>        |out<6>         |   11.452|
card<6>        |out<7>         |   11.216|
card<6>        |out<8>         |   10.890|
card<6>        |out<9>         |   11.284|
card<6>        |out<10>        |   10.581|
card<6>        |out<11>        |   10.664|
card<6>        |out<12>        |   10.564|
card<6>        |out<13>        |   10.909|
card<6>        |out<14>        |   11.020|
card<6>        |out<15>        |   10.331|
card<6>        |out<16>        |   10.129|
card<6>        |out<17>        |   11.324|
card<6>        |out<18>        |   11.207|
card<6>        |out<19>        |   10.951|
card<6>        |out<20>        |   11.528|
card<6>        |out<21>        |   11.437|
card<6>        |out<22>        |   11.651|
card<6>        |out<23>        |   10.807|
card<6>        |out<24>        |   11.248|
card<6>        |out<25>        |   10.588|
card<6>        |out<26>        |   11.294|
card<6>        |out<27>        |   11.197|
card<6>        |out<28>        |   11.504|
card<6>        |out<29>        |   11.357|
card<6>        |out<30>        |   11.827|
card<6>        |out<31>        |   11.823|
card<7>        |out<0>         |   11.530|
card<7>        |out<1>         |   11.921|
card<7>        |out<2>         |   11.433|
card<7>        |out<3>         |   11.444|
card<7>        |out<4>         |   10.803|
card<7>        |out<5>         |   11.018|
card<7>        |out<6>         |   11.392|
card<7>        |out<7>         |   11.156|
card<7>        |out<8>         |   10.830|
card<7>        |out<9>         |   11.224|
card<7>        |out<10>        |   10.521|
card<7>        |out<11>        |   10.604|
card<7>        |out<12>        |   10.504|
card<7>        |out<13>        |   10.849|
card<7>        |out<14>        |   10.960|
card<7>        |out<15>        |   10.271|
card<7>        |out<16>        |   10.069|
card<7>        |out<17>        |   11.264|
card<7>        |out<18>        |   11.147|
card<7>        |out<19>        |   10.891|
card<7>        |out<20>        |   11.468|
card<7>        |out<21>        |   11.377|
card<7>        |out<22>        |   11.591|
card<7>        |out<23>        |   10.747|
card<7>        |out<24>        |   11.188|
card<7>        |out<25>        |   10.528|
card<7>        |out<26>        |   11.234|
card<7>        |out<27>        |   11.137|
card<7>        |out<28>        |   11.444|
card<7>        |out<29>        |   11.297|
card<7>        |out<30>        |   11.767|
card<7>        |out<31>        |   11.763|
card<8>        |out<0>         |   11.772|
card<8>        |out<1>         |   12.163|
card<8>        |out<2>         |   11.675|
card<8>        |out<3>         |   11.686|
card<8>        |out<4>         |   11.045|
card<8>        |out<5>         |   11.260|
card<8>        |out<6>         |   11.634|
card<8>        |out<7>         |   11.398|
card<8>        |out<8>         |   11.072|
card<8>        |out<9>         |   11.466|
card<8>        |out<10>        |   10.763|
card<8>        |out<11>        |   10.846|
card<8>        |out<12>        |   10.746|
card<8>        |out<13>        |   11.091|
card<8>        |out<14>        |   11.202|
card<8>        |out<15>        |   10.513|
card<8>        |out<16>        |   10.311|
card<8>        |out<17>        |   11.506|
card<8>        |out<18>        |   11.389|
card<8>        |out<19>        |   11.133|
card<8>        |out<20>        |   11.710|
card<8>        |out<21>        |   11.619|
card<8>        |out<22>        |   11.833|
card<8>        |out<23>        |   10.989|
card<8>        |out<24>        |   11.430|
card<8>        |out<25>        |   10.770|
card<8>        |out<26>        |   11.476|
card<8>        |out<27>        |   11.379|
card<8>        |out<28>        |   11.686|
card<8>        |out<29>        |   11.539|
card<8>        |out<30>        |   12.009|
card<8>        |out<31>        |   12.005|
card<9>        |out<0>         |   11.237|
card<9>        |out<1>         |   11.628|
card<9>        |out<2>         |   11.140|
card<9>        |out<3>         |   11.151|
card<9>        |out<4>         |   10.510|
card<9>        |out<5>         |   10.725|
card<9>        |out<6>         |   11.099|
card<9>        |out<7>         |   10.863|
card<9>        |out<8>         |   10.537|
card<9>        |out<9>         |   10.931|
card<9>        |out<10>        |   10.228|
card<9>        |out<11>        |   10.311|
card<9>        |out<12>        |   10.211|
card<9>        |out<13>        |   10.556|
card<9>        |out<14>        |   10.667|
card<9>        |out<15>        |    9.978|
card<9>        |out<16>        |    9.776|
card<9>        |out<17>        |   10.971|
card<9>        |out<18>        |   10.854|
card<9>        |out<19>        |   10.598|
card<9>        |out<20>        |   11.175|
card<9>        |out<21>        |   11.084|
card<9>        |out<22>        |   11.298|
card<9>        |out<23>        |   10.454|
card<9>        |out<24>        |   10.895|
card<9>        |out<25>        |   10.235|
card<9>        |out<26>        |   10.941|
card<9>        |out<27>        |   10.844|
card<9>        |out<28>        |   11.151|
card<9>        |out<29>        |   11.004|
card<9>        |out<30>        |   11.474|
card<9>        |out<31>        |   11.470|
card<10>       |out<0>         |   11.657|
card<10>       |out<1>         |   12.048|
card<10>       |out<2>         |   11.560|
card<10>       |out<3>         |   11.571|
card<10>       |out<4>         |   10.930|
card<10>       |out<5>         |   11.145|
card<10>       |out<6>         |   11.519|
card<10>       |out<7>         |   11.283|
card<10>       |out<8>         |   10.957|
card<10>       |out<9>         |   11.351|
card<10>       |out<10>        |   10.648|
card<10>       |out<11>        |   10.731|
card<10>       |out<12>        |   10.631|
card<10>       |out<13>        |   10.976|
card<10>       |out<14>        |   11.087|
card<10>       |out<15>        |   10.398|
card<10>       |out<16>        |   10.196|
card<10>       |out<17>        |   11.391|
card<10>       |out<18>        |   11.274|
card<10>       |out<19>        |   11.018|
card<10>       |out<20>        |   11.595|
card<10>       |out<21>        |   11.504|
card<10>       |out<22>        |   11.718|
card<10>       |out<23>        |   10.874|
card<10>       |out<24>        |   11.315|
card<10>       |out<25>        |   10.655|
card<10>       |out<26>        |   11.361|
card<10>       |out<27>        |   11.264|
card<10>       |out<28>        |   11.571|
card<10>       |out<29>        |   11.424|
card<10>       |out<30>        |   11.894|
card<10>       |out<31>        |   11.890|
---------------+---------------+---------+


Analysis completed Sat Oct 19 22:03:09 2019 
--------------------------------------------------------------------------------

Trace Settings:
-------------------------
Trace Settings 

Peak Memory Usage: 4566 MB



