Release 14.7 - xst P.20131013 (nt64)
Copyright (c) 1995-2013 Xilinx, Inc.  All rights reserved.
--> Parameter TMPDIR set to xst/projnav.tmp


Total REAL time to Xst completion: 0.00 secs
Total CPU time to Xst completion: 0.34 secs
 
--> Parameter xsthdpdir set to xst


Total REAL time to Xst completion: 0.00 secs
Total CPU time to Xst completion: 0.34 secs
 
--> Reading design: alu.prj

TABLE OF CONTENTS
  1) Synthesis Options Summary
  2) HDL Parsing
  3) HDL Elaboration
  4) HDL Synthesis
       4.1) HDL Synthesis Report
  5) Advanced HDL Synthesis
       5.1) Advanced HDL Synthesis Report
  6) Low Level Synthesis
  7) Partition Report
  8) Design Summary
       8.1) Primitive and Black Box Usage
       8.2) Device utilization summary
       8.3) Partition Resource Summary
       8.4) Timing Report
            8.4.1) Clock Information
            8.4.2) Asynchronous Control Signals Information
            8.4.3) Timing Summary
            8.4.4) Timing Details
            8.4.5) Cross Clock Domains Report


=========================================================================
*                      Synthesis Options Summary                        *
=========================================================================
---- Source Parameters
Input File Name                    : "alu.prj"
Ignore Synthesis Constraint File   : NO

---- Target Parameters
Output File Name                   : "alu"
Output Format                      : NGC
Target Device                      : xc6slx16-3-csg324

---- Source Options
Top Module Name                    : alu
Automatic FSM Extraction           : YES
FSM Encoding Algorithm             : Auto
Safe Implementation                : No
FSM Style                          : LUT
RAM Extraction                     : Yes
RAM Style                          : Auto
ROM Extraction                     : Yes
Shift Register Extraction          : YES
ROM Style                          : Auto
Resource Sharing                   : YES
Asynchronous To Synchronous        : NO
Shift Register Minimum Size        : 2
Use DSP Block                      : Auto
Automatic Register Balancing       : No

---- Target Options
LUT Combining                      : Auto
Reduce Control Sets                : Auto
Add IO Buffers                     : YES
Global Maximum Fanout              : 100000
Add Generic Clock Buffer(BUFG)     : 16
Register Duplication               : YES
Optimize Instantiated Primitives   : NO
Use Clock Enable                   : Auto
Use Synchronous Set                : Auto
Use Synchronous Reset              : Auto
Pack IO Registers into IOBs        : Auto
Equivalent register Removal        : YES

---- General Options
Optimization Goal                  : Speed
Optimization Effort                : 1
Power Reduction                    : NO
Keep Hierarchy                     : No
Netlist Hierarchy                  : As_Optimized
RTL Output                         : Yes
Global Optimization                : AllClockNets
Read Cores                         : YES
Write Timing Constraints           : NO
Cross Clock Analysis               : NO
Hierarchy Separator                : /
Bus Delimiter                      : <>
Case Specifier                     : Maintain
Slice Utilization Ratio            : 100
BRAM Utilization Ratio             : 100
DSP48 Utilization Ratio            : 100
Auto BRAM Packing                  : NO
Slice Utilization Ratio Delta      : 5

=========================================================================


=========================================================================
*                          HDL Parsing                                  *
=========================================================================
Analyzing Verilog file "C:\Users\guo\Desktop\computer-composition-lab\CO_Lab2\alu.v" into library work
Parsing module <alu>.

=========================================================================
*                            HDL Elaboration                            *
=========================================================================

Elaborating module <alu>.

=========================================================================
*                           HDL Synthesis                               *
=========================================================================

Synthesizing Unit <alu>.
    Related source file is "C:\Users\guo\Desktop\computer-composition-lab\CO_Lab2\alu.v".
    Found 32-bit adder for signal <a[31]_b[31]_add_2_OUT> created at line 30.
    Found 32-bit adder for signal <n0030> created at line 31.
    Found 32-bit adder for signal <a[31]_GND_1_o_add_5_OUT> created at line 31.
    Summary:
	inferred   3 Adder/Subtractor(s).
Unit <alu> synthesized.

=========================================================================
HDL Synthesis Report

Macro Statistics
# Adders/Subtractors                                   : 3
 32-bit adder                                          : 3

=========================================================================

=========================================================================
*                       Advanced HDL Synthesis                          *
=========================================================================


=========================================================================
Advanced HDL Synthesis Report

Macro Statistics
# Adders/Subtractors                                   : 2
 32-bit adder                                          : 1
 32-bit adder carry in                                 : 1

=========================================================================

=========================================================================
*                         Low Level Synthesis                           *
=========================================================================

Optimizing unit <alu> ...

Mapping all equations...
Building and optimizing final netlist ...
Found area constraint ratio of 100 (+ 5) on block alu, actual ratio is 2.

Final Macro Processing ...

=========================================================================
Final Register Report

Found no macro
=========================================================================

=========================================================================
*                           Partition Report                            *
=========================================================================

Partition Implementation Status
-------------------------------

  No Partitions were found in this design.

-------------------------------

=========================================================================
*                            Design Summary                             *
=========================================================================

Top Level Output File Name         : alu.ngc

Primitive and Black Box Usage:
------------------------------
# BELS                             : 290
#      GND                         : 1
#      LUT2                        : 65
#      LUT4                        : 32
#      LUT5                        : 32
#      LUT6                        : 33
#      MUXCY                       : 62
#      VCC                         : 1
#      XORCY                       : 64
# IO Buffers                       : 107
#      IBUF                        : 75
#      OBUF                        : 32

Device utilization summary:
---------------------------

Selected Device : 6slx16csg324-3 


Slice Logic Utilization: 
 Number of Slice LUTs:                  162  out of   9112     1%  
    Number used as Logic:               162  out of   9112     1%  

Slice Logic Distribution: 
 Number of LUT Flip Flop pairs used:    162
   Number with an unused Flip Flop:     162  out of    162   100%  
   Number with an unused LUT:             0  out of    162     0%  
   Number of fully used LUT-FF pairs:     0  out of    162     0%  
   Number of unique control sets:         0

IO Utilization: 
 Number of IOs:                         107
 Number of bonded IOBs:                 107  out of    232    46%  

Specific Feature Utilization:

---------------------------
Partition Resource Summary:
---------------------------

  No Partitions were found in this design.

---------------------------


=========================================================================
Timing Report

NOTE: THESE TIMING NUMBERS ARE ONLY A SYNTHESIS ESTIMATE.
      FOR ACCURATE TIMING INFORMATION PLEASE REFER TO THE TRACE REPORT
      GENERATED AFTER PLACE-and-ROUTE.

Clock Information:
------------------
No clock signals found in this design

Asynchronous Control Signals Information:
----------------------------------------
No asynchronous control signals found in this design

Timing Summary:
---------------
Speed Grade: -3

   Minimum period: No path found
   Minimum input arrival time before clock: No path found
   Maximum output required time after clock: No path found
   Maximum combinational path delay: 8.164ns

Timing Details:
---------------
All values displayed in nanoseconds (ns)

=========================================================================
Timing constraint: Default path analysis
  Total number of paths / destination ports: 3648 / 32
-------------------------------------------------------------------------
Delay:               8.164ns (Levels of Logic = 37)
  Source:            a<0> (PAD)
  Destination:       out<31> (PAD)

  Data Path: a<0> to out<31>
                                Gate     Net
    Cell:in->out      fanout   Delay   Delay  Logical Name (Net Name)
    ----------------------------------------  ------------
     IBUF:I->O             3   1.222   0.755  a_0_IBUF (a_0_IBUF)
     LUT2:I0->O            1   0.203   0.000  Madd_a[31]_b[31]_add_2_OUT_lut<0> (Madd_a[31]_b[31]_add_2_OUT_lut<0>)
     MUXCY:S->O            1   0.172   0.000  Madd_a[31]_b[31]_add_2_OUT_cy<0> (Madd_a[31]_b[31]_add_2_OUT_cy<0>)
     MUXCY:CI->O           1   0.019   0.000  Madd_a[31]_b[31]_add_2_OUT_cy<1> (Madd_a[31]_b[31]_add_2_OUT_cy<1>)
     MUXCY:CI->O           1   0.019   0.000  Madd_a[31]_b[31]_add_2_OUT_cy<2> (Madd_a[31]_b[31]_add_2_OUT_cy<2>)
     MUXCY:CI->O           1   0.019   0.000  Madd_a[31]_b[31]_add_2_OUT_cy<3> (Madd_a[31]_b[31]_add_2_OUT_cy<3>)
     MUXCY:CI->O           1   0.019   0.000  Madd_a[31]_b[31]_add_2_OUT_cy<4> (Madd_a[31]_b[31]_add_2_OUT_cy<4>)
     MUXCY:CI->O           1   0.019   0.000  Madd_a[31]_b[31]_add_2_OUT_cy<5> (Madd_a[31]_b[31]_add_2_OUT_cy<5>)
     MUXCY:CI->O           1   0.019   0.000  Madd_a[31]_b[31]_add_2_OUT_cy<6> (Madd_a[31]_b[31]_add_2_OUT_cy<6>)
     MUXCY:CI->O           1   0.019   0.000  Madd_a[31]_b[31]_add_2_OUT_cy<7> (Madd_a[31]_b[31]_add_2_OUT_cy<7>)
     MUXCY:CI->O           1   0.019   0.000  Madd_a[31]_b[31]_add_2_OUT_cy<8> (Madd_a[31]_b[31]_add_2_OUT_cy<8>)
     MUXCY:CI->O           1   0.019   0.000  Madd_a[31]_b[31]_add_2_OUT_cy<9> (Madd_a[31]_b[31]_add_2_OUT_cy<9>)
     MUXCY:CI->O           1   0.019   0.000  Madd_a[31]_b[31]_add_2_OUT_cy<10> (Madd_a[31]_b[31]_add_2_OUT_cy<10>)
     MUXCY:CI->O           1   0.019   0.000  Madd_a[31]_b[31]_add_2_OUT_cy<11> (Madd_a[31]_b[31]_add_2_OUT_cy<11>)
     MUXCY:CI->O           1   0.019   0.000  Madd_a[31]_b[31]_add_2_OUT_cy<12> (Madd_a[31]_b[31]_add_2_OUT_cy<12>)
     MUXCY:CI->O           1   0.019   0.000  Madd_a[31]_b[31]_add_2_OUT_cy<13> (Madd_a[31]_b[31]_add_2_OUT_cy<13>)
     MUXCY:CI->O           1   0.019   0.000  Madd_a[31]_b[31]_add_2_OUT_cy<14> (Madd_a[31]_b[31]_add_2_OUT_cy<14>)
     MUXCY:CI->O           1   0.019   0.000  Madd_a[31]_b[31]_add_2_OUT_cy<15> (Madd_a[31]_b[31]_add_2_OUT_cy<15>)
     MUXCY:CI->O           1   0.019   0.000  Madd_a[31]_b[31]_add_2_OUT_cy<16> (Madd_a[31]_b[31]_add_2_OUT_cy<16>)
     MUXCY:CI->O           1   0.019   0.000  Madd_a[31]_b[31]_add_2_OUT_cy<17> (Madd_a[31]_b[31]_add_2_OUT_cy<17>)
     MUXCY:CI->O           1   0.019   0.000  Madd_a[31]_b[31]_add_2_OUT_cy<18> (Madd_a[31]_b[31]_add_2_OUT_cy<18>)
     MUXCY:CI->O           1   0.019   0.000  Madd_a[31]_b[31]_add_2_OUT_cy<19> (Madd_a[31]_b[31]_add_2_OUT_cy<19>)
     MUXCY:CI->O           1   0.019   0.000  Madd_a[31]_b[31]_add_2_OUT_cy<20> (Madd_a[31]_b[31]_add_2_OUT_cy<20>)
     MUXCY:CI->O           1   0.019   0.000  Madd_a[31]_b[31]_add_2_OUT_cy<21> (Madd_a[31]_b[31]_add_2_OUT_cy<21>)
     MUXCY:CI->O           1   0.019   0.000  Madd_a[31]_b[31]_add_2_OUT_cy<22> (Madd_a[31]_b[31]_add_2_OUT_cy<22>)
     MUXCY:CI->O           1   0.019   0.000  Madd_a[31]_b[31]_add_2_OUT_cy<23> (Madd_a[31]_b[31]_add_2_OUT_cy<23>)
     MUXCY:CI->O           1   0.019   0.000  Madd_a[31]_b[31]_add_2_OUT_cy<24> (Madd_a[31]_b[31]_add_2_OUT_cy<24>)
     MUXCY:CI->O           1   0.019   0.000  Madd_a[31]_b[31]_add_2_OUT_cy<25> (Madd_a[31]_b[31]_add_2_OUT_cy<25>)
     MUXCY:CI->O           1   0.019   0.000  Madd_a[31]_b[31]_add_2_OUT_cy<26> (Madd_a[31]_b[31]_add_2_OUT_cy<26>)
     MUXCY:CI->O           1   0.019   0.000  Madd_a[31]_b[31]_add_2_OUT_cy<27> (Madd_a[31]_b[31]_add_2_OUT_cy<27>)
     MUXCY:CI->O           1   0.019   0.000  Madd_a[31]_b[31]_add_2_OUT_cy<28> (Madd_a[31]_b[31]_add_2_OUT_cy<28>)
     MUXCY:CI->O           1   0.019   0.000  Madd_a[31]_b[31]_add_2_OUT_cy<29> (Madd_a[31]_b[31]_add_2_OUT_cy<29>)
     MUXCY:CI->O           0   0.019   0.000  Madd_a[31]_b[31]_add_2_OUT_cy<30> (Madd_a[31]_b[31]_add_2_OUT_cy<30>)
     XORCY:CI->O           1   0.180   0.924  Madd_a[31]_b[31]_add_2_OUT_xor<31> (a[31]_b[31]_add_2_OUT<31>)
     LUT5:I0->O            1   0.203   0.580  out<31>1 (out<31>1)
     LUT4:I3->O            1   0.205   0.579  out<31>3 (out_31_OBUF)
     OBUF:I->O                 2.571          out_31_OBUF (out<31>)
    ----------------------------------------
    Total                      8.164ns (5.326ns logic, 2.838ns route)
                                       (65.2% logic, 34.8% route)

=========================================================================

Cross Clock Domains Report:
--------------------------

=========================================================================


Total REAL time to Xst completion: 6.00 secs
Total CPU time to Xst completion: 6.14 secs
 
--> 

Total memory usage is 4518632 kilobytes

Number of errors   :    0 (   0 filtered)
Number of warnings :    0 (   0 filtered)
Number of infos    :    0 (   0 filtered)

